
> build
> vite build

'Beam\node_modules\.bin\' is not recognized as an internal or external command,
operable program or batch file.
node:internal/modules/cjs/loader:1451
  throw err;
  ^

Error: Cannot find module 'E:\Hassaan\vite\bin\vite.js'
    at Module._resolveFilename (node:internal/modules/cjs/loader:1448:15)
    at defaultResolveImpl (node:internal/modules/cjs/loader:1059:19)
    at resolveForCJSWithHooks (node:internal/modules/cjs/loader:1064:22)
    at Module._load (node:internal/modules/cjs/loader:1234:25)
    at TracingChannel.traceSync (node:diagnostics_channel:328:14)
    at wrapModuleLoad (node:internal/modules/cjs/loader:245:24)
    at Module.executeUserEntryPoint [as runMain] (node:internal/modules/run_main:154:5)
    at node:internal/main/run_main_module:33:47 {
  code: 'MODULE_NOT_FOUND',
  requireStack: []
}

Node.js v24.13.1
